Compiling kernel...
Compiling kernel...
Compiling kernel...
Compiling kernel...
Kernel: paralyn_matmul_f32
Grid: 9 × 4 × 1
Block: 16 × 16 × 1
Executing on GPU...
Kernel: paralyn_bias_activation_f32
Grid: 33 × 1 × 1
Block: 256 × 1 × 1
Executing on GPU...
Kernel: paralyn_matmul_f32
Grid: 1 × 4 × 1
Block: 16 × 16 × 1
Executing on GPU...
Kernel: paralyn_bias_activation_f32
Grid: 3 × 1 × 1
Block: 256 × 1 × 1
Executing on GPU...
Device: Apple M5; provider paralyn.msl.tensor; x[64,257] W1[257,130] W2[130,11] seed 2026
GPU matmul1: 110.000 us
GPU bias_relu1: 7.333 us
GPU matmul2: 42.000 us
GPU bias2: 6.916 us
Max |error| vs float64 reference: 1.215e-07; worst error/bound: hidden 0.010, output 0.000
Verification: PASS two-layer FP32 MLP (704 outputs within float64-reference bound; 4 GPU commands)
