Compiling kernel...
Compiling kernel...
Compiling kernel...
Compiling kernel...
Kernel: paralyn_matmul_f32
Grid: 1 × 1 × 1
Block: 16 × 16 × 1
Executing on GPU...
Kernel: paralyn_matmul_f32
Grid: 1 × 1 × 1
Block: 16 × 16 × 1
Executing on GPU...
Kernel: paralyn_matmul_f32
Grid: 1 × 1 × 1
Block: 16 × 16 × 1
Executing on GPU...
Kernel: paralyn_matmul_f32
Grid: 1 × 1 × 1
Block: 16 × 16 × 1
Executing on GPU...
Kernel: paralyn_matmul_f32
Grid: 1 × 1 × 1
Block: 16 × 16 × 1
Executing on GPU...
Kernel: paralyn_matmul_f32
Grid: 1 × 1 × 1
Block: 16 × 16 × 1
Executing on GPU...
Kernel: paralyn_matmul_f32
Grid: 1 × 1 × 1
Block: 16 × 16 × 1
Executing on GPU...
Kernel: paralyn_matmul_f32
Grid: 1 × 1 × 1
Block: 16 × 16 × 1
Executing on GPU...
Kernel: paralyn_matmul_f32
Grid: 1 × 1 × 1
Block: 16 × 16 × 1
Executing on GPU...
Kernel: paralyn_matmul_f32
Grid: 1 × 1 × 1
Block: 16 × 16 × 1
Executing on GPU...
Kernel: paralyn_matmul_f32
Grid: 1 × 1 × 1
Block: 16 × 16 × 1
Executing on GPU...
Kernel: paralyn_matmul_f32
Grid: 1 × 1 × 1
Block: 16 × 16 × 1
Executing on GPU...
Kernel: paralyn_matmul_f32
Grid: 1 × 1 × 1
Block: 16 × 16 × 1
Executing on GPU...
Kernel: paralyn_matmul_f32
Grid: 1 × 1 × 1
Block: 16 × 16 × 1
Executing on GPU...
Kernel: paralyn_matmul_f32
Grid: 1 × 1 × 1
Block: 16 × 16 × 1
Executing on GPU...
Kernel: paralyn_matmul_f32
Grid: 1 × 1 × 1
Block: 16 × 16 × 1
Executing on GPU...
Kernel: paralyn_matmul_f32
Grid: 1 × 1 × 1
Block: 16 × 16 × 1
Executing on GPU...
Kernel: paralyn_matmul_f32
Grid: 1 × 1 × 1
Block: 16 × 16 × 1
Executing on GPU...
Kernel: paralyn_matmul_f32
Grid: 1 × 1 × 1
Block: 16 × 16 × 1
Executing on GPU...
Kernel: paralyn_matmul_f32
Grid: 1 × 1 × 1
Block: 16 × 16 × 1
Executing on GPU...
Kernel: paralyn_matmul_f32
Grid: 3 × 2 × 1
Block: 16 × 16 × 1
Executing on GPU...
Kernel: paralyn_matmul_f32
Grid: 3 × 2 × 1
Block: 16 × 16 × 1
Executing on GPU...
Kernel: paralyn_matmul_f32
Grid: 3 × 2 × 1
Block: 16 × 16 × 1
Executing on GPU...
Kernel: paralyn_matmul_f32
Grid: 3 × 2 × 1
Block: 16 × 16 × 1
Executing on GPU...
Kernel: paralyn_matmul_f32
Grid: 2 × 2 × 1
Block: 16 × 16 × 1
Executing on GPU...
Kernel: paralyn_matmul_f32
Grid: 2 × 2 × 1
Block: 16 × 16 × 1
Executing on GPU...
Kernel: paralyn_matmul_f32
Grid: 2 × 2 × 1
Block: 16 × 16 × 1
Executing on GPU...
Kernel: paralyn_matmul_f32
Grid: 2 × 2 × 1
Block: 16 × 16 × 1
Executing on GPU...
Kernel: paralyn_matmul_f32
Grid: 3 × 4 × 1
Block: 16 × 16 × 1
Executing on GPU...
Kernel: paralyn_matmul_f32
Grid: 3 × 4 × 1
Block: 16 × 16 × 1
Executing on GPU...
Kernel: paralyn_matmul_f32
Grid: 3 × 4 × 1
Block: 16 × 16 × 1
Executing on GPU...
Kernel: paralyn_matmul_f32
Grid: 3 × 4 × 1
Block: 16 × 16 × 1
Executing on GPU...
Kernel: paralyn_matmul_f32
Grid: 5 × 9 × 1
Block: 16 × 16 × 1
Executing on GPU...
Kernel: paralyn_matmul_f32
Grid: 5 × 9 × 1
Block: 16 × 16 × 1
Executing on GPU...
Kernel: paralyn_matmul_f32
Grid: 5 × 9 × 1
Block: 16 × 16 × 1
Executing on GPU...
Kernel: paralyn_matmul_f32
Grid: 5 × 9 × 1
Block: 16 × 16 × 1
Executing on GPU...
Kernel: paralyn_fill_f32
Grid: 1 × 1 × 1
Block: 256 × 1 × 1
Executing on GPU...
Kernel: paralyn_fill_f32
Grid: 1 × 1 × 1
Block: 256 × 1 × 1
Executing on GPU...
Kernel: paralyn_fill_f32
Grid: 1 × 1 × 1
Block: 256 × 1 × 1
Executing on GPU...
Kernel: paralyn_fill_f32
Grid: 1 × 1 × 1
Block: 256 × 1 × 1
Executing on GPU...
Kernel: paralyn_matmul_f32
Grid: 1 × 1 × 1
Block: 16 × 16 × 1
Executing on GPU...
Compiling kernel...
Compiling kernel...
Compiling kernel...
Compiling kernel...
Compiling kernel...
Compiling kernel...
Compiling kernel...
Compiling kernel...
Compiling kernel...
Reusing kernel pipeline...
Reusing kernel pipeline...
Reusing kernel pipeline...
Reusing kernel pipeline...
Reusing kernel pipeline...
Reusing kernel pipeline...
Reusing kernel pipeline...
Reusing kernel pipeline...
Kernel: paralyn_bias_activation_f32
Grid: 1 × 1 × 1
Block: 256 × 1 × 1
Executing on GPU...
Kernel: paralyn_matmul_f32
Grid: 2 × 2 × 1
Block: 16 × 16 × 1
Executing on GPU...
Kernel: paralyn_activation_f32
Grid: 1 × 1 × 1
Block: 256 × 1 × 1
Executing on GPU...
Kernel: paralyn_activation_f32
Grid: 1 × 1 × 1
Block: 256 × 1 × 1
Executing on GPU...
Kernel: paralyn_bias_activation_f32
Grid: 1 × 1 × 1
Block: 256 × 1 × 1
Executing on GPU...
Kernel: paralyn_bias_activation_f32
Grid: 1 × 1 × 1
Block: 256 × 1 × 1
Executing on GPU...
Compiling kernel...
Compiling kernel...
Compiling kernel...
Compiling kernel...
Kernel: paralyn_matmul_f32
Grid: 1 × 1 × 1
Block: 16 × 16 × 1
Executing on GPU...
Kernel: paralyn_bias_activation_f32
Grid: 1 × 1 × 1
Block: 256 × 1 × 1
Executing on GPU...
Kernel: paralyn_activation_f32
Grid: 1 × 1 × 1
Block: 256 × 1 × 1
Executing on GPU...
Kernel: paralyn_matmul_f32
Grid: 1 × 1 × 1
Block: 16 × 16 × 1
Executing on GPU...
Tensor provider: 47 source-linked GPU commands (38 tiled matmul), 4 high-level events; worst error/bound ratio 0.936059
Verification: PASS FP32 tensor descriptors, matmul, bias/ReLU (bitwise sequential FP32 reference and float64 bound)
