Compiling kernel...
Compiling kernel...
Compiling kernel...
Compiling kernel...
Kernel: paralyn_matmul_f32
Grid: 1 × 1 × 1
Block: 16 × 16 × 1
Executing on GPU...
Kernel: paralyn_matmul_f32
Grid: 1 × 1 × 1
Block: 16 × 16 × 1
Executing on GPU...
Kernel: paralyn_matmul_f32
Grid: 1 × 1 × 1
Block: 16 × 16 × 1
Executing on GPU...
Kernel: paralyn_matmul_f32
Grid: 1 × 1 × 1
Block: 16 × 16 × 1
Executing on GPU...
Kernel: paralyn_matmul_f32
Grid: 1 × 1 × 1
Block: 16 × 16 × 1
Executing on GPU...
Kernel: paralyn_matmul_f32
Grid: 1 × 1 × 1
Block: 16 × 16 × 1
Executing on GPU...
Kernel: paralyn_matmul_f32
Grid: 1 × 1 × 1
Block: 16 × 16 × 1
Executing on GPU...
Kernel: paralyn_matmul_f32
Grid: 1 × 1 × 1
Block: 16 × 16 × 1
Executing on GPU...
Kernel: paralyn_matmul_f32
Grid: 1 × 1 × 1
Block: 16 × 16 × 1
Executing on GPU...
Kernel: paralyn_matmul_f32
Grid: 1 × 1 × 1
Block: 16 × 16 × 1
Executing on GPU...
Kernel: paralyn_matmul_f32
Grid: 1 × 1 × 1
Block: 16 × 16 × 1
Executing on GPU...
Kernel: paralyn_matmul_f32
Grid: 1 × 1 × 1
Block: 16 × 16 × 1
Executing on GPU...
Kernel: paralyn_matmul_f32
Grid: 1 × 1 × 1
Block: 16 × 16 × 1
Executing on GPU...
Kernel: paralyn_matmul_f32
Grid: 1 × 1 × 1
Block: 16 × 16 × 1
Executing on GPU...
Kernel: paralyn_matmul_f32
Grid: 1 × 1 × 1
Block: 16 × 16 × 1
Executing on GPU...
Kernel: paralyn_matmul_f32
Grid: 1 × 1 × 1
Block: 16 × 16 × 1
Executing on GPU...
Kernel: paralyn_matmul_f32
Grid: 1 × 1 × 1
Block: 16 × 16 × 1
Executing on GPU...
Kernel: paralyn_matmul_f32
Grid: 1 × 1 × 1
Block: 16 × 16 × 1
Executing on GPU...
Kernel: paralyn_matmul_f32
Grid: 1 × 1 × 1
Block: 16 × 16 × 1
Executing on GPU...
Kernel: paralyn_matmul_f32
Grid: 1 × 1 × 1
Block: 16 × 16 × 1
Executing on GPU...
Kernel: paralyn_matmul_f32
Grid: 1 × 2 × 1
Block: 16 × 16 × 1
Executing on GPU...
Kernel: paralyn_matmul_f32
Grid: 1 × 2 × 1
Block: 16 × 16 × 1
Executing on GPU...
Kernel: paralyn_matmul_f32
Grid: 1 × 2 × 1
Block: 16 × 16 × 1
Executing on GPU...
Kernel: paralyn_matmul_f32
Grid: 1 × 2 × 1
Block: 16 × 16 × 1
Executing on GPU...
Kernel: paralyn_matmul_f32
Grid: 2 × 3 × 1
Block: 16 × 16 × 1
Executing on GPU...
Kernel: paralyn_matmul_f32
Grid: 2 × 3 × 1
Block: 16 × 16 × 1
Executing on GPU...
Kernel: paralyn_matmul_f32
Grid: 2 × 3 × 1
Block: 16 × 16 × 1
Executing on GPU...
Kernel: paralyn_matmul_f32
Grid: 2 × 3 × 1
Block: 16 × 16 × 1
Executing on GPU...
Kernel: paralyn_fill_f32
Grid: 1 × 1 × 1
Block: 256 × 1 × 1
Executing on GPU...
Kernel: paralyn_fill_f32
Grid: 1 × 1 × 1
Block: 256 × 1 × 1
Executing on GPU...
Kernel: paralyn_fill_f32
Grid: 1 × 1 × 1
Block: 256 × 1 × 1
Executing on GPU...
Kernel: paralyn_fill_f32
Grid: 1 × 1 × 1
Block: 256 × 1 × 1
Executing on GPU...
Kernel: paralyn_bias_activation_f32
Grid: 1 × 1 × 1
Block: 256 × 1 × 1
Executing on GPU...
Kernel: paralyn_bias_activation_f32
Grid: 1 × 1 × 1
Block: 256 × 1 × 1
Executing on GPU...
Kernel: paralyn_activation_f32
Grid: 1 × 1 × 1
Block: 256 × 1 × 1
Executing on GPU...
Kernel: paralyn_matmul_f32
Grid: 1 × 1 × 1
Block: 16 × 16 × 1
Executing on GPU...
Reusing kernel pipeline...
Reusing kernel pipeline...
Reusing kernel pipeline...
Reusing kernel pipeline...
Kernel: paralyn_matmul_f32
Grid: 1 × 1 × 1
Block: 16 × 16 × 1
Executing on GPU...
Reusing kernel pipeline...
Reusing kernel pipeline...
Reusing kernel pipeline...
Reusing kernel pipeline...
Compiling kernel...
Compiling kernel...
Compiling kernel...
Compiling kernel...
Kernel: paralyn_matmul_f32
Grid: 1 × 1 × 1
Block: 16 × 16 × 1
Executing on GPU...
Tensor Python: 37 GPU commands on Apple M5; worst error/bound 0.752
Verification: PASS Python FP32 tensors, matmul, bias/ReLU, capability/timing wrappers
