Compiling kernel...
Compiling kernel...
Reusing kernel pipeline...
Kernel: array_add
Grid: 1 × 1 × 1
Block: 256 × 1 × 1
Executing on GPU...
Reusing kernel pipeline...
Kernel: array_affine
Grid: 1 × 1 × 1
Block: 256 × 1 × 1
Executing on GPU...
Reusing kernel pipeline...
Kernel: array_affine
Grid: 1 × 1 × 1
Block: 256 × 1 × 1
Executing on GPU...
Reusing kernel pipeline...
Kernel: array_add
Grid: 1 × 1 × 1
Block: 256 × 1 × 1
Executing on GPU...
Reusing kernel pipeline...
Kernel: array_affine
Grid: 1 × 1 × 1
Block: 256 × 1 × 1
Executing on GPU...
Reusing kernel pipeline...
Kernel: array_affine
Grid: 1 × 1 × 1
Block: 256 × 1 × 1
Executing on GPU...
Reusing kernel pipeline...
Kernel: array_add
Grid: 1 × 1 × 1
Block: 256 × 1 × 1
Executing on GPU...
Reusing kernel pipeline...
Kernel: array_affine
Grid: 1 × 1 × 1
Block: 256 × 1 × 1
Executing on GPU...
Reusing kernel pipeline...
Kernel: array_affine
Grid: 1 × 1 × 1
Block: 256 × 1 × 1
Executing on GPU...
Reusing kernel pipeline...
Kernel: array_add
Grid: 2 × 1 × 1
Block: 256 × 1 × 1
Executing on GPU...
Reusing kernel pipeline...
Kernel: array_affine
Grid: 2 × 1 × 1
Block: 256 × 1 × 1
Executing on GPU...
Reusing kernel pipeline...
Kernel: array_affine
Grid: 2 × 1 × 1
Block: 256 × 1 × 1
Executing on GPU...
Reusing kernel pipeline...
Kernel: array_add
Grid: 4 × 1 × 1
Block: 256 × 1 × 1
Executing on GPU...
Reusing kernel pipeline...
Kernel: array_affine
Grid: 4 × 1 × 1
Block: 256 × 1 × 1
Executing on GPU...
Reusing kernel pipeline...
Kernel: array_affine
Grid: 4 × 1 × 1
Block: 256 × 1 × 1
Executing on GPU...
Reusing kernel pipeline...
Kernel: array_add
Grid: 3907 × 1 × 1
Block: 256 × 1 × 1
Executing on GPU...
Reusing kernel pipeline...
Kernel: array_affine
Grid: 3907 × 1 × 1
Block: 256 × 1 × 1
Executing on GPU...
Reusing kernel pipeline...
Kernel: array_affine
Grid: 3907 × 1 × 1
Block: 256 × 1 × 1
Executing on GPU...
Compiling kernel...
Kernel: array_add
Grid: 1 × 1 × 1
Block: 256 × 1 × 1
Executing on GPU...
Compiling kernel...
Compiling kernel...
Reusing kernel pipeline...
Kernel: array_add
Grid: 1 × 1 × 1
Block: 256 × 1 × 1
Executing on GPU...
