Compiling kernel...
Compiling kernel...
Compiling kernel...
Compiling kernel...
Kernel: vector_add
Grid: 1 × 1 × 1
Block: 64 × 1 × 1
Executing on GPU...
Kernel: vector_add
Grid: 2 × 1 × 1
Block: 64 × 1 × 1
Executing on GPU...
Kernel: vector_add
Grid: 2 × 1 × 1
Block: 64 × 1 × 1
Executing on GPU...
Kernel: vector_add
Grid: 16 × 1 × 1
Block: 64 × 1 × 1
Executing on GPU...
Kernel: block_reduce
Grid: 1 × 1 × 1
Block: 64 × 1 × 1
Executing on GPU...
Kernel: block_reduce
Grid: 1 × 1 × 1
Block: 64 × 1 × 1
Executing on GPU...
Kernel: block_reduce
Grid: 16 × 1 × 1
Block: 64 × 1 × 1
Executing on GPU...
Kernel: tiled_transpose
Grid: 1 × 1 × 1
Block: 16 × 16 × 1
Executing on GPU...
Kernel: tiled_transpose
Grid: 2 × 2 × 1
Block: 16 × 16 × 1
Executing on GPU...
Kernel: tiled_transpose
Grid: 3 × 2 × 1
Block: 16 × 16 × 1
Executing on GPU...
